#,,,,,,,,,,,,,,,,,,,,,,,,,,,,,,,,,,,,,,,,,,,,,,,,,,,,"generated_by='OpenQuake engine 3.13.0-gitb829c6b3dd', start_date='2022-04-25T18:36:33', checksum=98216285, kind='mean', investigation_time=1.0, imt='PGA'"
lon,lat,depth,poe-0.0100000,poe-0.0109854,poe-0.0120679,poe-0.0132571,poe-0.0145635,poe-0.0159986,poe-0.0175751,poe-0.0193070,poe-0.0212095,poe-0.0232995,poe-0.0255955,poe-0.0281177,poe-0.0308884,poe-0.0339322,poe-0.0372759,poe-0.0409492,poe-0.0449843,poe-0.0494171,poe-0.0542868,poe-0.0596362,poe-0.0655129,poe-0.0719686,poe-0.0790604,poe-0.0868511,poe-0.0954095,poe-0.1048113,poe-0.1151395,poe-0.1264855,poe-0.1389495,poe-0.1526418,poe-0.1676833,poe-0.1842070,poe-0.2023590,poe-0.2222996,poe-0.2442053,poe-0.2682696,poe-0.2947052,poe-0.3237458,poe-0.3556480,poe-0.3906940,poe-0.4291934,poe-0.4714866,poe-0.5179475,poe-0.5689866,poe-0.6250552,poe-0.6866488,poe-0.7543120,poe-0.8286428,poe-0.9102982,poe-1.0000000
0.10000,0.10000,0.00000,8.712907E-02,8.712907E-02,8.711682E-02,8.706096E-02,8.698156E-02,8.687041E-02,8.671718E-02,8.650909E-02,8.623075E-02,8.586401E-02,8.538794E-02,8.477911E-02,8.401196E-02,8.305946E-02,8.189403E-02,8.048870E-02,7.881843E-02,7.686168E-02,7.460201E-02,7.202961E-02,6.914280E-02,6.594924E-02,6.246677E-02,5.872376E-02,5.475896E-02,5.062060E-02,4.636495E-02,4.205422E-02,3.775396E-02,3.353011E-02,2.944590E-02,2.555892E-02,2.191848E-02,1.856360E-02,1.552171E-02,1.280824E-02,1.042692E-02,8.370920E-03,6.624452E-03,5.164771E-03,3.964307E-03,2.992737E-03,2.218856E-03,1.612133E-03,1.143901E-03,7.881685E-04,5.220908E-04,3.261412E-04,1.840542E-04,8.260283E-05
